<?xml version="1.0" encoding="utf-8"?>
<TestRun id="cede1965-b4a9-44a6-a8d8-08143ea51d0f" name="dalep@DESKTOP-CKE82FJ 2025-11-11 15:43:39" runUser="DESKTOP-CKE82FJ\dalep" xmlns="http://microsoft.com/schemas/VisualStudio/TeamTest/2010">
  <Times creation="2025-11-11T15:43:39.6481310+11:00" queuing="2025-11-11T15:43:39.6481311+11:00" start="2025-11-11T15:43:39.1656320+11:00" finish="2025-11-11T15:43:39.6734821+11:00" />
  <TestSettings name="default" id="a928d678-5936-4934-b3e4-6c7870c34ebe">
    <Deployment runDeploymentRoot="dalep_DESKTOP-CKE82FJ_2025-11-11_15_43_39" />
  </TestSettings>
  <Results>
    <UnitTestResult executionId="f28388d0-5f54-479d-8fb1-974cb2e4b749" testId="86351a18-33b0-54f2-5776-72c67046f08d" testName="App.Tests.UndoRedoTests.UndoRedo_Works" computerName="DESKTOP-CKE82FJ" duration="00:00:00.0036824" startTime="2025-11-11T15:43:39.6277095+11:00" endTime="2025-11-11T15:43:39.6277096+11:00" testType="13cdc9d9-ddb5-4fa4-a97d-d965ccfc6d4b" outcome="Passed" testListId="8c84fa94-04c1-424b-9868-57a2d4851a1d" relativeResultsDirectory="f28388d0-5f54-479d-8fb1-974cb2e4b749" />
    <UnitTestResult executionId="3f94f536-2746-4522-a0f6-a901c579c1b7" testId="87c22cc3-5838-e524-4d27-bbed323f61e0" testName="App.Tests.HitTestTests.Arrow_Hit_Segment" computerName="DESKTOP-CKE82FJ" duration="00:00:00.0021539" startTime="2025-11-11T15:43:39.6085402+11:00" endTime="2025-11-11T15:43:39.6085402+11:00" testType="13cdc9d9-ddb5-4fa4-a97d-d965ccfc6d4b" outcome="Passed" testListId="8c84fa94-04c1-424b-9868-57a2d4851a1d" relativeResultsDirectory="3f94f536-2746-4522-a0f6-a901c579c1b7" />
    <UnitTestResult executionId="08a7beb7-9126-4228-b150-ce50555ae4de" testId="ace7751d-dcd2-b981-5427-414e87e90e0c" testName="App.Tests.SerializationTests.Playbook_Roundtrip" computerName="DESKTOP-CKE82FJ" duration="00:00:00.0298713" startTime="2025-11-11T15:43:39.6332710+11:00" endTime="2025-11-11T15:43:39.6332711+11:00" testType="13cdc9d9-ddb5-4fa4-a97d-d965ccfc6d4b" outcome="Passed" testListId="8c84fa94-04c1-424b-9868-57a2d4851a1d" relativeResultsDirectory="08a7beb7-9126-4228-b150-ce50555ae4de" />
    <UnitTestResult executionId="53238d8b-4755-4124-b6b2-3b183e95346f" testId="3ea50db6-6495-cb7d-c130-fafc8802523e" testName="App.Tests.BezierTests.QuadraticBezier_Endpoints" computerName="DESKTOP-CKE82FJ" duration="00:00:00.0035745" startTime="2025-11-11T15:43:39.6093392+11:00" endTime="2025-11-11T15:43:39.6093392+11:00" testType="13cdc9d9-ddb5-4fa4-a97d-d965ccfc6d4b" outcome="Passed" testListId="8c84fa94-04c1-424b-9868-57a2d4851a1d" relativeResultsDirectory="53238d8b-4755-4124-b6b2-3b183e95346f" />
    <UnitTestResult executionId="1df886df-c714-4451-9eb5-4f545fb933d8" testId="24fb8324-d314-efa6-262d-c232eec0f928" testName="App.Tests.GeometryTests.Distance_Works(x1: 0, y1: 0, x2: 10, y2: 0, expected: 10)" computerName="DESKTOP-CKE82FJ" duration="00:00:00.0000037" startTime="2025-11-11T15:43:39.6093190+11:00" endTime="2025-11-11T15:43:39.6093191+11:00" testType="13cdc9d9-ddb5-4fa4-a97d-d965ccfc6d4b" outcome="Passed" testListId="8c84fa94-04c1-424b-9868-57a2d4851a1d" relativeResultsDirectory="1df886df-c714-4451-9eb5-4f545fb933d8" />
    <UnitTestResult executionId="e8bd00fc-dfb6-4f43-9b2e-9ad6c4a64bd4" testId="1d7f5124-1cd0-1ee5-52d8-4ada67d6aef4" testName="App.Tests.GeometryTests.Distance_Works(x1: -3, y1: -4, x2: 0, y2: 0, expected: 5)" computerName="DESKTOP-CKE82FJ" duration="00:00:00.0018180" startTime="2025-11-11T15:43:39.6087272+11:00" endTime="2025-11-11T15:43:39.6087273+11:00" testType="13cdc9d9-ddb5-4fa4-a97d-d965ccfc6d4b" outcome="Passed" testListId="8c84fa94-04c1-424b-9868-57a2d4851a1d" relativeResultsDirectory="e8bd00fc-dfb6-4f43-9b2e-9ad6c4a64bd4" />
    <UnitTestResult executionId="6ffef475-0f13-489f-ae87-7682c7a46040" testId="5def5de9-552a-833f-a444-db7a63d22313" testName="App.Tests.UnitTest1.Test1" computerName="DESKTOP-CKE82FJ" duration="00:00:00.0013668" startTime="2025-11-11T15:43:39.6069435+11:00" endTime="2025-11-11T15:43:39.6069624+11:00" testType="13cdc9d9-ddb5-4fa4-a97d-d965ccfc6d4b" outcome="Passed" testListId="8c84fa94-04c1-424b-9868-57a2d4851a1d" relativeResultsDirectory="6ffef475-0f13-489f-ae87-7682c7a46040" />
    <UnitTestResult executionId="c71c3aeb-b506-41b4-9bb3-1823806cdf11" testId="0d662e22-a5d8-9c2c-c0a2-3f8a9531ab96" testName="App.Tests.GeometryTests.ArrowHead_Angles_AreReasonable" computerName="DESKTOP-CKE82FJ" duration="00:00:00.0002860" startTime="2025-11-11T15:43:39.6278463+11:00" endTime="2025-11-11T15:43:39.6278463+11:00" testType="13cdc9d9-ddb5-4fa4-a97d-d965ccfc6d4b" outcome="Passed" testListId="8c84fa94-04c1-424b-9868-57a2d4851a1d" relativeResultsDirectory="c71c3aeb-b506-41b4-9bb3-1823806cdf11" />
    <UnitTestResult executionId="397fe87e-ab23-4664-ba18-a19c16659ae5" testId="bd0cad30-73f4-2adf-34cb-25dddcad8b82" testName="App.Tests.GeometryTests.Distance_Works(x1: 0, y1: 0, x2: 0, y2: 10, expected: 10)" computerName="DESKTOP-CKE82FJ" duration="00:00:00.0002046" startTime="2025-11-11T15:43:39.6092980+11:00" endTime="2025-11-11T15:43:39.6092981+11:00" testType="13cdc9d9-ddb5-4fa4-a97d-d965ccfc6d4b" outcome="Passed" testListId="8c84fa94-04c1-424b-9868-57a2d4851a1d" relativeResultsDirectory="397fe87e-ab23-4664-ba18-a19c16659ae5" />
    <UnitTestResult executionId="38cc6b8c-b5ba-48cf-a3d8-451d0769c1ef" testId="e2bd7949-4d53-6391-850b-f93eb738f909" testName="App.Tests.BezierTests.CubicBezier_Endpoints" computerName="DESKTOP-CKE82FJ" duration="00:00:00.0001273" startTime="2025-11-11T15:43:39.6278328+11:00" endTime="2025-11-11T15:43:39.6278329+11:00" testType="13cdc9d9-ddb5-4fa4-a97d-d965ccfc6d4b" outcome="Passed" testListId="8c84fa94-04c1-424b-9868-57a2d4851a1d" relativeResultsDirectory="38cc6b8c-b5ba-48cf-a3d8-451d0769c1ef" />
  </Results>
  <TestDefinitions>
    <UnitTest name="App.Tests.BezierTests.CubicBezier_Endpoints" storage="e:\ai\work-in-progress\basketball app\tests\app.tests\bin\release\net8.0\app.tests.dll" id="e2bd7949-4d53-6391-850b-f93eb738f909">
      <Execution id="38cc6b8c-b5ba-48cf-a3d8-451d0769c1ef" />
      <TestMethod codeBase="E:\Ai\WORK-IN-PROGRESS\basketball app\tests\App.Tests\bin\Release\net8.0\App.Tests.dll" adapterTypeName="executor://xunit/VsTestRunner2/netcoreapp" className="App.Tests.BezierTests" name="CubicBezier_Endpoints" />
    </UnitTest>
    <UnitTest name="App.Tests.HitTestTests.Arrow_Hit_Segment" storage="e:\ai\work-in-progress\basketball app\tests\app.tests\bin\release\net8.0\app.tests.dll" id="87c22cc3-5838-e524-4d27-bbed323f61e0">
      <Execution id="3f94f536-2746-4522-a0f6-a901c579c1b7" />
      <TestMethod codeBase="E:\Ai\WORK-IN-PROGRESS\basketball app\tests\App.Tests\bin\Release\net8.0\App.Tests.dll" adapterTypeName="executor://xunit/VsTestRunner2/netcoreapp" className="App.Tests.HitTestTests" name="Arrow_Hit_Segment" />
    </UnitTest>
    <UnitTest name="App.Tests.UnitTest1.Test1" storage="e:\ai\work-in-progress\basketball app\tests\app.tests\bin\release\net8.0\app.tests.dll" id="5def5de9-552a-833f-a444-db7a63d22313">
      <Execution id="6ffef475-0f13-489f-ae87-7682c7a46040" />
      <TestMethod codeBase="E:\Ai\WORK-IN-PROGRESS\basketball app\tests\App.Tests\bin\Release\net8.0\App.Tests.dll" adapterTypeName="executor://xunit/VsTestRunner2/netcoreapp" className="App.Tests.UnitTest1" name="Test1" />
    </UnitTest>
    <UnitTest name="App.Tests.BezierTests.QuadraticBezier_Endpoints" storage="e:\ai\work-in-progress\basketball app\tests\app.tests\bin\release\net8.0\app.tests.dll" id="3ea50db6-6495-cb7d-c130-fafc8802523e">
      <Execution id="53238d8b-4755-4124-b6b2-3b183e95346f" />
      <TestMethod codeBase="E:\Ai\WORK-IN-PROGRESS\basketball app\tests\App.Tests\bin\Release\net8.0\App.Tests.dll" adapterTypeName="executor://xunit/VsTestRunner2/netcoreapp" className="App.Tests.BezierTests" name="QuadraticBezier_Endpoints" />
    </UnitTest>
    <UnitTest name="App.Tests.GeometryTests.Distance_Works(x1: -3, y1: -4, x2: 0, y2: 0, expected: 5)" storage="e:\ai\work-in-progress\basketball app\tests\app.tests\bin\release\net8.0\app.tests.dll" id="1d7f5124-1cd0-1ee5-52d8-4ada67d6aef4">
      <Execution id="e8bd00fc-dfb6-4f43-9b2e-9ad6c4a64bd4" />
      <TestMethod codeBase="E:\Ai\WORK-IN-PROGRESS\basketball app\tests\App.Tests\bin\Release\net8.0\App.Tests.dll" adapterTypeName="executor://xunit/VsTestRunner2/netcoreapp" className="App.Tests.GeometryTests" name="Distance_Works" />
    </UnitTest>
    <UnitTest name="App.Tests.GeometryTests.Distance_Works(x1: 0, y1: 0, x2: 10, y2: 0, expected: 10)" storage="e:\ai\work-in-progress\basketball app\tests\app.tests\bin\release\net8.0\app.tests.dll" id="24fb8324-d314-efa6-262d-c232eec0f928">
      <Execution id="1df886df-c714-4451-9eb5-4f545fb933d8" />
      <TestMethod codeBase="E:\Ai\WORK-IN-PROGRESS\basketball app\tests\App.Tests\bin\Release\net8.0\App.Tests.dll" adapterTypeName="executor://xunit/VsTestRunner2/netcoreapp" className="App.Tests.GeometryTests" name="Distance_Works" />
    </UnitTest>
    <UnitTest name="App.Tests.GeometryTests.Distance_Works(x1: 0, y1: 0, x2: 0, y2: 10, expected: 10)" storage="e:\ai\work-in-progress\basketball app\tests\app.tests\bin\release\net8.0\app.tests.dll" id="bd0cad30-73f4-2adf-34cb-25dddcad8b82">
      <Execution id="397fe87e-ab23-4664-ba18-a19c16659ae5" />
      <TestMethod codeBase="E:\Ai\WORK-IN-PROGRESS\basketball app\tests\App.Tests\bin\Release\net8.0\App.Tests.dll" adapterTypeName="executor://xunit/VsTestRunner2/netcoreapp" className="App.Tests.GeometryTests" name="Distance_Works" />
    </UnitTest>
    <UnitTest name="App.Tests.SerializationTests.Playbook_Roundtrip" storage="e:\ai\work-in-progress\basketball app\tests\app.tests\bin\release\net8.0\app.tests.dll" id="ace7751d-dcd2-b981-5427-414e87e90e0c">
      <Execution id="08a7beb7-9126-4228-b150-ce50555ae4de" />
      <TestMethod codeBase="E:\Ai\WORK-IN-PROGRESS\basketball app\tests\App.Tests\bin\Release\net8.0\App.Tests.dll" adapterTypeName="executor://xunit/VsTestRunner2/netcoreapp" className="App.Tests.SerializationTests" name="Playbook_Roundtrip" />
    </UnitTest>
    <UnitTest name="App.Tests.GeometryTests.ArrowHead_Angles_AreReasonable" storage="e:\ai\work-in-progress\basketball app\tests\app.tests\bin\release\net8.0\app.tests.dll" id="0d662e22-a5d8-9c2c-c0a2-3f8a9531ab96">
      <Execution id="c71c3aeb-b506-41b4-9bb3-1823806cdf11" />
      <TestMethod codeBase="E:\Ai\WORK-IN-PROGRESS\basketball app\tests\App.Tests\bin\Release\net8.0\App.Tests.dll" adapterTypeName="executor://xunit/VsTestRunner2/netcoreapp" className="App.Tests.GeometryTests" name="ArrowHead_Angles_AreReasonable" />
    </UnitTest>
    <UnitTest name="App.Tests.UndoRedoTests.UndoRedo_Works" storage="e:\ai\work-in-progress\basketball app\tests\app.tests\bin\release\net8.0\app.tests.dll" id="86351a18-33b0-54f2-5776-72c67046f08d">
      <Execution id="f28388d0-5f54-479d-8fb1-974cb2e4b749" />
      <TestMethod codeBase="E:\Ai\WORK-IN-PROGRESS\basketball app\tests\App.Tests\bin\Release\net8.0\App.Tests.dll" adapterTypeName="executor://xunit/VsTestRunner2/netcoreapp" className="App.Tests.UndoRedoTests" name="UndoRedo_Works" />
    </UnitTest>
  </TestDefinitions>
  <TestEntries>
    <TestEntry testId="86351a18-33b0-54f2-5776-72c67046f08d" executionId="f28388d0-5f54-479d-8fb1-974cb2e4b749" testListId="8c84fa94-04c1-424b-9868-57a2d4851a1d" />
    <TestEntry testId="87c22cc3-5838-e524-4d27-bbed323f61e0" executionId="3f94f536-2746-4522-a0f6-a901c579c1b7" testListId="8c84fa94-04c1-424b-9868-57a2d4851a1d" />
    <TestEntry testId="ace7751d-dcd2-b981-5427-414e87e90e0c" executionId="08a7beb7-9126-4228-b150-ce50555ae4de" testListId="8c84fa94-04c1-424b-9868-57a2d4851a1d" />
    <TestEntry testId="3ea50db6-6495-cb7d-c130-fafc8802523e" executionId="53238d8b-4755-4124-b6b2-3b183e95346f" testListId="8c84fa94-04c1-424b-9868-57a2d4851a1d" />
    <TestEntry testId="24fb8324-d314-efa6-262d-c232eec0f928" executionId="1df886df-c714-4451-9eb5-4f545fb933d8" testListId="8c84fa94-04c1-424b-9868-57a2d4851a1d" />
    <TestEntry testId="1d7f5124-1cd0-1ee5-52d8-4ada67d6aef4" executionId="e8bd00fc-dfb6-4f43-9b2e-9ad6c4a64bd4" testListId="8c84fa94-04c1-424b-9868-57a2d4851a1d" />
    <TestEntry testId="5def5de9-552a-833f-a444-db7a63d22313" executionId="6ffef475-0f13-489f-ae87-7682c7a46040" testListId="8c84fa94-04c1-424b-9868-57a2d4851a1d" />
    <TestEntry testId="0d662e22-a5d8-9c2c-c0a2-3f8a9531ab96" executionId="c71c3aeb-b506-41b4-9bb3-1823806cdf11" testListId="8c84fa94-04c1-424b-9868-57a2d4851a1d" />
    <TestEntry testId="bd0cad30-73f4-2adf-34cb-25dddcad8b82" executionId="397fe87e-ab23-4664-ba18-a19c16659ae5" testListId="8c84fa94-04c1-424b-9868-57a2d4851a1d" />
    <TestEntry testId="e2bd7949-4d53-6391-850b-f93eb738f909" executionId="38cc6b8c-b5ba-48cf-a3d8-451d0769c1ef" testListId="8c84fa94-04c1-424b-9868-57a2d4851a1d" />
  </TestEntries>
  <TestLists>
    <TestList name="Results Not in a List" id="8c84fa94-04c1-424b-9868-57a2d4851a1d" />
    <TestList name="All Loaded Results" id="19431567-8539-422a-85d7-44ee4e166bda" />
  </TestLists>
  <ResultSummary outcome="Completed">
    <Counters total="10" executed="10" passed="10" failed="0" error="0" timeout="0" aborted="0" inconclusive="0" passedButRunAborted="0" notRunnable="0" notExecuted="0" disconnected="0" warning="0" completed="0" inProgress="0" pending="0" />
    <Output>
      <StdOut>[xUnit.net 00:00:00.00] xUnit.net VSTest Adapter v2.5.3.1+6b60a9e56a (64-bit .NET 8.0.21)&#xD;
[xUnit.net 00:00:00.09]   Discovering: App.Tests&#xD;
[xUnit.net 00:00:00.12]   Discovered:  App.Tests&#xD;
[xUnit.net 00:00:00.13]   Starting:    App.Tests&#xD;
[xUnit.net 00:00:00.19]   Finished:    App.Tests&#xD;
</StdOut>
    </Output>
  </ResultSummary>
</TestRun>